2026-03-08 21:14:56,041 INFO recompute_start invoice_id= mode=TDS fcy=1000 inr=80000 fx=80 dtaa_rate=
2026-03-08 21:14:56,042 INFO recompute_tds_done invoice_id= dtaa_claimed=False values={'TaxLiablIt': '17472', 'TaxIncDtaa': '', 'TaxLiablDtaa': '', 'AmtPayForgnTds': '218.4', 'AmtPayIndianTds': '17472', 'RateTdsSecB': '21.84', 'ActlAmtTdsForgn': '781.6'}
TaxLiablIt: '17472'
RateTdsSecB: '21.84'
RateTdsSecbFlg: '1'
OtherRemDtaa: 'Y'
TaxIncDtaa: ''
TaxLiablDtaa: ''

Test Passed!
